mdh42@ATH-WL-F36PWVZ MINGW64 ~/Desktop/Bootcamp/my-repository/linux/projects/Project-101/First_Part (main)
$ cd ..

mdh42@ATH-WL-F36PWVZ MINGW64 ~/Desktop/Bootcamp/my-repository/linux/projects/Project-101 (main)
$ cd Second_Part

mdh42@ATH-WL-F36PWVZ MINGW64 ~/Desktop/Bootcamp/my-repository/linux/projects/Project-101/Second_Part (main)
$ nano user_password.sh

mdh42@ATH-WL-F36PWVZ MINGW64 ~/Desktop/Bootcamp/my-repository/linux/projects/Project-101/Second_Part (main)
$ chmod +x user_password.sh

mdh42@ATH-WL-F36PWVZ MINGW64 ~/Desktop/Bootcamp/my-repository/linux/projects/Project-101/Second_Part (main)
$ ls -l
total 5
-rwxr-xr-x 1 mdh42 1049089 775 May 19 19:39 user_passwd.sh*
-rwxr-xr-x 1 mdh42 1049089  46 May 22 17:33 user_password.sh*

mdh42@ATH-WL-F36PWVZ MINGW64 ~/Desktop/Bootcamp/my-repository/linux/projects/Project-101/Second_Part (main)
$ man chage
bash: man: command not found

mdh42@ATH-WL-F36PWVZ MINGW64 ~/Desktop/Bootcamp/my-repository/linux/projects/Project-101/Second_Part (main)
$ `
> bash: unexpected EOF while looking for matching ``'
bash: syntax error: unexpected end of file

mdh42@ATH-WL-F36PWVZ MINGW64 ~/Desktop/Bootcamp/my-repository/linux/projects/Project-101/Second_Part (main)
$ ~
bash: /c/Users/mdh42: Is a directory

mdh42@ATH-WL-F36PWVZ MINGW64 ~/Desktop/Bootcamp/my-repository/linux/projects/Project-101/Second_Part (main)
$ cd ~

mdh42@ATH-WL-F36PWVZ MINGW64 ~
$ pwd
/c/Users/mdh42

mdh42@ATH-WL-F36PWVZ MINGW64 ~
$ cd .ssh/

mdh42@ATH-WL-F36PWVZ MINGW64 ~/.ssh
$ ssh -i "aws-laura.pem" ec2-user@ec2-3-87-92-166.compute-1.amazonaws.com
The authenticity of host 'ec2-3-87-92-166.compute-1.amazonaws.com (3.87.92.166)' can't be established.
ED25519 key fingerprint is SHA256:ARqaQofiIhFwk0qG0wmlJ3IO6v00TDByOJAw/EGzWmA.
This key is not known by any other names
Are you sure you want to continue connecting (yes/no/[fingerprint])? yes
Warning: Permanently added 'ec2-3-87-92-166.compute-1.amazonaws.com' (ED25519) to the list of known hosts.

       __|  __|_  )
       _|  (     /   Amazon Linux 2 AMI
      ___|\___|___|

https://aws.amazon.com/amazon-linux-2/
2 package(s) needed for security, out of 5 available
Run "sudo yum update" to apply all updates.
[ec2-user@ip-172-31-29-60 ~]$ sudo su -
[root@ip-172-31-29-60 ~]# nano user_password.sh
[root@ip-172-31-29-60 ~]# chmod +x
chmod: missing operand after ‘+x’
Try 'chmod --help' for more information.
[root@ip-172-31-29-60 ~]# chmod +x user_password.sh
[root@ip-172-31-29-60 ~]# ./user_password.sh
enter the username: lhill
type the full name enclosed in double quotes: "laura hill"
enter the password: 123456
account succesfully created
Changing password for user lhill.
New password: BAD PASSWORD: The password is shorter than 8 characters
Retype new password: passwd: all authentication tokens updated successfully.
password succesfully created
Usage: chage [options] LOGIN

Options:
  -d, --lastday LAST_DAY        set date of last password change to LAST_DAY
  -E, --expiredate EXPIRE_DATE  set account expiration date to EXPIRE_DATE
  -h, --help                    display this help message and exit
  -I, --inactive INACTIVE       set password inactive after expiration
                                to INACTIVE
  -l, --list                    show account aging information
  -m, --mindays MIN_DAYS        set minimum number of days before password
                                change to MIN_DAYS
  -M, --maxdays MAX_DAYS        set maximim number of days before password
                                change to MAX_DAYS
  -R, --root CHROOT_DIR         directory to chroot into
  -W, --warndays WARN_DAYS      set expiration warning days to WARN_DAYS

lhill, 123456, ip-172-31-29-60.ec2.internal
[root@ip-172-31-29-60 ~]# nano user_password.sh
[root@ip-172-31-29-60 ~]# userdel -r lhill
[root@ip-172-31-29-60 ~]# ./user_password.sh
enter the username: lhill
type the full name enclosed in double quotes: "laura hill"
enter the password: supersecretpassword
account succesfully created      
Changing password for user lhill.
New password: Retype new password: passwd: all authentication tokens updated successfully.
password succesfully created
Usage: chage [options] LOGIN

Options:
  -d, --lastday LAST_DAY        set date of last password change to LAST_DAY
  -E, --expiredate EXPIRE_DATE  set account expiration date to EXPIRE_DATE
  -h, --help                    display this help message and exit
  -I, --inactive INACTIVE       set password inactive after expiration
                                to INACTIVE
  -l, --list                    show account aging information
  -m, --mindays MIN_DAYS        set minimum number of days before password
                                change to MIN_DAYS
  -M, --maxdays MAX_DAYS        set maximim number of days before password
                                change to MAX_DAYS
  -R, --root CHROOT_DIR         directory to chroot into
  -W, --warndays WARN_DAYS      set expiration warning days to WARN_DAYS

lhill, supersecretpassword, ip-172-31-29-60.ec2.internal
[root@ip-172-31-29-60 ~]# chage -d 0 lhill
[root@ip-172-31-29-60 ~]# nano user_passoword
[root@ip-172-31-29-60 ~]# nano user_password.sh
[root@ip-172-31-29-60 ~]# userdel -r lhill
[root@ip-172-31-29-60 ~]# ./user_password.sh
enter the username: lhill
type the full name enclosed in double quotes: "laura hill"
enter the password: supersecretpassword
account succesfully created
Changing password for user lhill.
New password: Retype new password: passwd: all authentication tokens updated successfully.
password succesfully created
lhill, supersecretpassword, ip-172-31-29-60.ec2.internal
[root@ip-172-31-29-60 ~]# exit
logout
[ec2-user@ip-172-31-29-60 ~]$ su - lhill
Password:
You are required to change your password immediately (root enforced)

Changing password for lhill.
#!/bin/bash
(current) UNIX password:
su: Authentication token manipulation error
[ec2-user@ip-172-31-29-60 ~]$ cp user_password.sh backup.sh
cp: cannot stat ‘user_password.sh’: No such file or directory
[ec2-user@ip-172-31-29-60 ~]$ ls
[ec2-user@ip-172-31-29-60 ~]$ ls
[ec2-user@ip-172-31-29-60 ~]$ ls -a
.  ..  .bash_logout  .bash_profile  .bashrc  .ssh
[ec2-user@ip-172-31-29-60 ~]$ ls .ssh
DATE(1)                                                                         User Commands                                                                        DATE(1)

NAME
       date - print or set the system date and time

SYNOPSIS
       date [OPTION]... [+FORMAT]
       date [-u|--utc|--universal] [MMDDhhmm[[CC]YY][.ss]]

DESCRIPTION
       Display the current time in the given FORMAT, or set the system date.

       Mandatory arguments to long options are mandatory for short options too.

       -d, --date=STRING
              display time described by STRING, not 'now'

       -f, --file=DATEFILE
              like --date once for each line of DATEFILE

       -I[TIMESPEC], --iso-8601[=TIMESPEC]
              output  date/time  in ISO 8601 format.  TIMESPEC='date' for date only (the default), 'hours', 'minutes', 'seconds', or 'ns' for date and time to the indicated     
              precision.

       -r, --reference=FILE
              display the last modification time of FILE

       -R, --rfc-2822
              output date and time in RFC 2822 format.  Example: Mon, 07 Aug 2006 12:34:56 -0600

       --rfc-3339=TIMESPEC
              output date and time in RFC 3339 format.  TIMESPEC='date', 'seconds', or 'ns' for date and time to the indicated precision.  Date and time components are sep?     
              arated by a single space: 2006-08-07 12:34:56-06:00

       -s, --set=STRING
              set time described by STRING

       -u, --utc, --universal
              print or set Coordinated Universal Time (UTC)

       --help display this help and exit

       --version
              output version information and exit

       FORMAT controls the output.  Interpreted sequences are:

       %%     a literal %

authorized_keys
[ec2-user@ip-172-31-29-60 ~]$ sudo su -
Last login: Mon May 23 00:12:26 UTC 2022 on pts/0
DATE(1)                                                                         User Commands                                                                        DATE(1)

NAME
       date - print or set the system date and time

SYNOPSIS
       date [OPTION]... [+FORMAT]
       date [-u|--utc|--universal] [MMDDhhmm[[CC]YY][.ss]]

DESCRIPTION
       Display the current time in the given FORMAT, or set the system date.

       Mandatory arguments to long options are mandatory for short options too.

       -d, --date=STRING
              display time described by STRING, not 'now'

       -f, --file=DATEFILE
              like --date once for each line of DATEFILE

       -I[TIMESPEC], --iso-8601[=TIMESPEC]
              output  date/time  in ISO 8601 format.  TIMESPEC='date' for date only (the default), 'hours', 'minutes', 'seconds', or 'ns' for date and time to the indicated     
              precision.

       -r, --reference=FILE
              display the last modification time of FILE

       -R, --rfc-2822
              output date and time in RFC 2822 format.  Example: Mon, 07 Aug 2006 12:34:56 -0600

       --rfc-3339=TIMESPEC
              output date and time in RFC 3339 format.  TIMESPEC='date', 'seconds', or 'ns' for date and time to the indicated precision.  Date and time components are sep?     
              arated by a single space: 2006-08-07 12:34:56-06:00

       -s, --set=STRING
              set time described by STRING

       -u, --utc, --universal
              print or set Coordinated Universal Time (UTC)

       --help display this help and exit

       --version
              output version information and exit

       FORMAT controls the output.  Interpreted sequences are:

       %%     a literal %

       %a     locale's abbreviated weekday name (e.g., Sun)

       %A     locale's full weekday name (e.g., Sunday)

       %b     locale's abbreviated month name (e.g., Jan)

       %B     locale's full month name (e.g., January)

       %c     locale's date and time (e.g., Thu Mar  3 23:05:25 2005)

       %C     century; like %Y, except omit last two digits (e.g., 20)

       %d     day of month (e.g., 01)

       %D     date; same as %m/%d/%y

       %e     day of month, space padded; same as %_d

       %F     full date; same as %Y-%m-%d
